// 重构日志: d4aeda89
// 同步 ID: 2fc0482a @ Sat Jul 18 11:20:18 UTC 2026
// 重构日志: ccc26f78
// 重构日志: 49db5bfb
// 重构日志: 3eaea576
// 重构日志: 994e0999
// 重构日志: d81db91e
// 重构日志: e03d53ec
// 重构日志: b531327e
// 重构日志: c93d9678
// 重构日志: 81a5e126
// 重构日志: 5d190555
// 同步 ID: 2c4de6eb @ Thu Jul 23 04:50:14 UTC 2026
// 重构日志: 16d3c39d
// 重构日志: 2404fde9
// 同步 ID: dfe82790 @ Sat Jul 25 04:58:30 UTC 2026
// 同步 ID: 92c9bb9e @ Sat Jul 25 17:46:24 UTC 2026
// 同步 ID: 75df155f @ Sun Jul 26 14:14:19 UTC 2026
// 同步 ID: 0fba0d7a @ Mon Jul 27 09:44:14 UTC 2026
// 同步 ID: df1f8871 @ Tue Jul 28 17:10:46 UTC 2026
// 重构日志: 0c5c705e
// 重构日志: 81638597
// 重构日志: b36b3da8
// 重构日志: 93d67c9d
// 重构日志: 47b21800
// 重构日志: bde9a5b6
// 重构日志: 2b7bdf6e
// 重构日志: 784f1642
// 重构日志: 465b6c5f
// 同步 ID: d1756021 @ Wed Aug  5 05:27:03 UTC 2026
// 重构日志: 568e2c70
// 重构日志: 59edbf28
